-3
18.3
2
invalid
2
invalid
-9
invalid
4
invalid
invalid
